........................................................................ [  4%]
........................................................................ [  8%]
........................................................................ [ 12%]
........................................................................ [ 17%]
........................................................................ [ 21%]
........................................................................ [ 25%]
........................................................................ [ 29%]
........................................................................ [ 34%]
..............................................s......................... [ 38%]
....................s.................................................s. [ 42%]
........................................................................ [ 46%]
........................................................................ [ 51%]
........................................................................ [ 55%]
........................................................................ [ 59%]
........................................................................ [ 63%]
........................................................................ [ 68%]
........................................................................ [ 72%]
........................................................................ [ 76%]
........................................................................ [ 80%]
........................................................................ [ 85%]
........................................................................ [ 89%]
........................................................................ [ 93%]
........................................................................ [ 97%]
......................................                                   [100%]
1691 passed, 3 skipped in 1031.31s (0:17:11)

pytest_exit=0
tree=SAME
exit=0
elapsed_s=1062
chain_inflight=none
chain_inflight_start=none
chain_inflight_end=none
engine_inflight=none
engine_inflight_start=none
engine_inflight_end=none
engine_dead_within_window=none
beside_wave_override=none
output_audit_created=none
output_audit_modified_tracked=none
output_audit_modified_untracked=none
readset=CLEAN
readset_rerun=none
readset_suite_writes=2: output_audit/postconfig_ledger.json<-test_b2116_run_wave_resume_loop_both_ways; output_audit/postconfig_report.md<-test_b2116_run_wave_resume_loop_both_ways
stamp_binding=kept-green
