........................................................................ [  4%]
........................................................................ [  8%]
........................................................................ [ 13%]
........................................................................ [ 17%]
........................................................................ [ 22%]
........................................................................ [ 26%]
........................................................................ [ 31%]
........................................................................ [ 35%]
..............................................s......................... [ 40%]
....................s.................................................s. [ 44%]
........................................................................ [ 49%]
........................................................................ [ 53%]
........................................................................ [ 58%]
........................................................................ [ 62%]
........................................................................ [ 67%]
........................................................................ [ 71%]
........................................................................ [ 76%]
........................................................................ [ 80%]
........................................................................ [ 85%]
........................................................................ [ 89%]
........................................................................ [ 93%]
........................................................................ [ 98%]
.........................                                                [100%]
1606 passed, 3 skipped in 1099.01s (0:18:19)

pytest_exit=0
tree=SAME
exit=0
elapsed_s=1294
chain_inflight=none
chain_inflight_start=none
chain_inflight_end=none
engine_inflight=none
engine_inflight_start=none
engine_inflight_end=none
engine_dead_within_window=none
beside_wave_override=none
output_audit_created=b3139_pyramid_batch2b.out,b3139_pyramid_batch2b.out.pid,b3139_pyramid_batch2b.out.readset.json
output_audit_modified_tracked=output_audit/b2938_figures.json
output_audit_modified_untracked=none
readset=RERUN-PASS:66-tests
readset_rerun=66 tests rc=0 log=b3139_pyramid_batch2b.out.rerun.txt
readset_suite_writes=4: output_audit/_engine_set__tmp_test_b2710.txt<-test_b2710_cube_riders_are_validated_and_battery_exempt; output_audit/_tmp_test_b2710_riders.txt<-test_b2710_cube_riders_are_validated_and_battery_exempt; output_audit/postconfig_ledger.json<-test_b2116_run_wave_resume_loop_both_ways; output_audit/postconfig_report.md<-test_b2116_run_wave_resume_loop_both_ways
stamp_binding=kept-green
