........................................................................ [  4%]
........................................................................ [  8%]
........................................................................ [ 12%]
........................................................................ [ 17%]
........................................................................ [ 21%]
........................................................................ [ 25%]
........................................................................ [ 30%]
........................................................................ [ 34%]
..............................................s......................... [ 38%]
....................s.................................................s. [ 43%]
........................................................................ [ 47%]
........................................................................ [ 51%]
........................................................................ [ 56%]
........................................................................ [ 60%]
........................................................................ [ 64%]
........................................................................ [ 69%]
........................................................................ [ 73%]
........................................................................ [ 77%]
........................................................................ [ 82%]
........................................................................ [ 86%]
........................................................................ [ 90%]
........................................................................ [ 94%]
........................................................................ [ 99%]
............                                                             [100%]
1665 passed, 3 skipped in 952.87s (0:15:52)

pytest_exit=0
tree=SAME
exit=0
elapsed_s=984
chain_inflight=none
chain_inflight_start=none
chain_inflight_end=none
engine_inflight=none
engine_inflight_start=none
engine_inflight_end=none
engine_dead_within_window=none
beside_wave_override=none
output_audit_created=none
output_audit_modified_tracked=none
output_audit_modified_untracked=output_audit/b3139_pyramid_g5b.out
readset=CLEAN
readset_rerun=none
readset_suite_writes=2: output_audit/postconfig_ledger.json<-test_b2116_run_wave_resume_loop_both_ways; output_audit/postconfig_report.md<-test_b2116_run_wave_resume_loop_both_ways
stamp_binding=kept-green
