........................................................................ [  4%]
........................................................................ [  8%]
........................................................................ [ 12%]
........................................................................ [ 17%]
........................................................................ [ 21%]
........................................................................ [ 25%]
........................................................................ [ 30%]
........................................................................ [ 34%]
..............................................s......................... [ 38%]
....................s.................................................s. [ 43%]
........................................................................ [ 47%]
......................F................................................. [ 51%]
........................................................................ [ 56%]
........................................................................ [ 60%]
........................................................................ [ 64%]
........................................................................ [ 69%]
........................................................................ [ 73%]
................................................................F....... [ 77%]
........................................................................ [ 82%]
........................................................................ [ 86%]
........................................................................ [ 90%]
........................................................................ [ 95%]
........................................................................ [ 99%]
......                                                                   [100%]
================================== FAILURES ===================================
__________________ test_b1719_synthetic_probes_are_labelled ___________________

    def test_b1719_synthetic_probes_are_labelled():
        """#201 PROVENANCE HALF (owner-directed).
    
        #201 checked that a quantity was COMPUTED, not what it was computed FROM -
        which is why 2.422, generated by rng.normal(1, 3, 30) inside a boundary
        probe, passed it and was quoted as a measurement.
    
        A gate cannot read prose. It CAN enforce that any test or script generating
        numbers from a random source says so, so that a number lifted out of it
        carries its provenance. Every file using rng/np.random must contain the word
        SYNTHETIC.
        """
        import pathlib as _p
        import re as _re
    
        offenders = []
        for f in list(_p.Path("scripts").glob("*.py")) + [_p.Path(__file__)]:
            try:
                txt = f.read_text(encoding="utf-8", errors="replace")
            except Exception:
                continue
            # B2901: the pattern named THREE spellings and missed the most
            # common one. MEASURED: of the 3 files under scripts/ that draw
            # from an RNG, TWO were invisible here - spot_check_institutional
            # and spot_check_trades both sample with module-level
            # random.seed(...) + random.sample(...), which no pattern matched.
            # The gate fired on the third only because it happened to use
            # random.Random( - a style choice, not a semantic one. A new
            # script is usually written by copying its neighbour, so a
            # detector blind to the neighbours is blind to the future.
            uses_rng = _re.search(
                r"default_rng\(|np\.random\.|random\.Random\(|"
                r"random\.(seed|sample|shuffle|choice|choices|randint|"
                r"uniform|random)\(", txt)
            # B1719b: require a DECLARATION, not one fixed word. Generating fake
            # numbers and randomly SAMPLING real rows are different provenances, and
            # forcing "SYNTHETIC" onto a sampler would itself be a false label - the
            # exact failure this check exists to prevent.
            declared = any(k in txt.upper() for k in
                           ("SYNTHETIC", "RANDOM-SAMPLING-OF-REAL-DATA"))
            if uses_rng and not declared:
                offenders.append(f.as_posix())
>       assert not offenders, (
            "these files generate numbers from a random source without the word "
            "SYNTHETIC, so a figure quoted from them carries no provenance: "
            + ", ".join(offenders))
E       AssertionError: these files generate numbers from a random source without the word SYNTHETIC, so a figure quoted from them carries no provenance: scripts/grade_free_levels_bollinger.py
E       assert not ['scripts/grade_free_levels_bollinger.py']

backtest\tests\test_unit.py:16076: AssertionError
______________ test_b2886_holdout_read_refuses_an_uncovered_band ______________

    def test_b2886_holdout_read_refuses_an_uncovered_band():
        """S6-B2886: a holdout read spends a ONE-WAY DOOR, so the question must be
        whole before it opens.
    
        MEASURED at B2859: a 130-trial pre-registered read was taken covering ONE
        axis of five, and the owner later overruled relying on it. No R1 gate
        would have touched it - the inventory was clean and the read WAS
        pre-registered. The refusals already in that script all ask whether the
        DATA is sound; this asks whether the QUESTION is whole.
        """
        import sys
        from pathlib import Path as _P
        root = _P(__file__).resolve().parents[2]
        if str(root / "scripts") not in sys.path:
            sys.path.insert(0, str(root / "scripts"))
        import offline_holdout_read as ohr
    
        art = root / "output_audit" / "b2638_pead_step1_is_surface.json"
        if not art.exists():                     # artifact-dependent arm
            import pytest
            pytest.skip("b2638 step-1 artifact absent")
    
        # must-FIRE on the REAL artifact: 5 of 7 params carry untested levels
        try:
>           ohr.read_step2(art, 0.99, 0.99, 10)

backtest\tests\test_unit.py:40697: 
_ _ _ _ _ _ _ _ _ _ _ _ _ _ _ _ _ _ _ _ _ _ _ _ _ _ _ _ _ _ _ _ _ _ _ _ _ _ _ _

sweep_artifact = WindowsPath('C:/Users/jeetm/Github/stock-picks-app/output_audit/b2638_pead_step1_is_surface.json')
coverage_min = 0.99, repro_min = 0.99, min_n = 10

    def read_step2(sweep_artifact: Path, coverage_min: float, repro_min: float,
                   min_n: int, *, band_coverage=None) -> dict:
        rec1 = json.loads(sweep_artifact.read_text(encoding="utf-8"))
        axes = [{"key": a["key"], "op": a["op"], "levels": a["levels"]}
                for a in rec1["axes"]]
        production = tuple(rec1["production_levels"])
        prereg = rec1["preregistration_candidate"]
        strategy = rec1["strategy"]
    
        # ---- S6-B2886: THE BAND-COVERAGE REFUSAL -----------------------
        # THIS SCRIPT SPENDS THE PRE-REGISTRATION - a one-way door. The
        # refusals below it all ask whether the DATA is sound; this one asks
        # whether the QUESTION is whole, which is the thing that actually
        # went wrong. MEASURED at B2859: a 130-trial read was taken covering
        # ONE axis of five and the owner had to overrule relying on it. No R1
        # gate would have touched that - the inventory was clean and the read
        # was pre-registered. So the durable question is not how to stop a
        # band inventory being written; it is what must be true before a read
        # is PERMITTED to spend the door (S6-B2886, council First Principles).
        #
        # The three ways to satisfy it are all MACHINE-CHECKABLE fields of
        # the Step-1 artifact, never prose: a level is GRADED (a row carrying
        # axis/level with a non-null is_sharpe), or listed in
        # `discarded_levels`, or named in `resim_configs`. A gate whose exit
        # is an argument is not a gate (council Outsider).
        if band_coverage is None:
            from band_coverage_gate import coverage_report
            try:
                band_coverage = coverage_report(strategy, [str(sweep_artifact)])
            except SystemExit as exc:
                # the helper exits hard when a strategy has no Table A spec;
                # translate it into THIS script's refusal rather than
                # inheriting a crash that reads like a bug
>               raise SystemExit(
                    f"REFUSED (S6-B2886): {exc}. A holdout read spends a "
                    "one-way door, and a strategy with no band inventory has "
                    "no way to show the door is being spent on the whole "
                    "question. Write the Table A entry first.") from None
E               SystemExit: REFUSED (S6-B2886): REFUSED (S6-B3139a): 1 artifact(s) of no known kind - ['b2638_pead_step1_is_surface.json']; the gate reads coverage only from a declared kind (['axis_grid', 'companion_screen', 'free_levels', 'grid_auto', 'permutation_null']) and never guesses at an unfamiliar shape. A holdout read spends a one-way door, and a strategy with no band inventory has no way to show the door is being spent on the whole question. Write the Table A entry first.

scripts\offline_holdout_read.py:79: SystemExit

During handling of the above exception, another exception occurred:

    def test_b2886_holdout_read_refuses_an_uncovered_band():
        """S6-B2886: a holdout read spends a ONE-WAY DOOR, so the question must be
        whole before it opens.
    
        MEASURED at B2859: a 130-trial pre-registered read was taken covering ONE
        axis of five, and the owner later overruled relying on it. No R1 gate
        would have touched it - the inventory was clean and the read WAS
        pre-registered. The refusals already in that script all ask whether the
        DATA is sound; this asks whether the QUESTION is whole.
        """
        import sys
        from pathlib import Path as _P
        root = _P(__file__).resolve().parents[2]
        if str(root / "scripts") not in sys.path:
            sys.path.insert(0, str(root / "scripts"))
        import offline_holdout_read as ohr
    
        art = root / "output_audit" / "b2638_pead_step1_is_surface.json"
        if not art.exists():                     # artifact-dependent arm
            import pytest
            pytest.skip("b2638 step-1 artifact absent")
    
        # must-FIRE on the REAL artifact: 5 of 7 params carry untested levels
        try:
            ohr.read_step2(art, 0.99, 0.99, 10)
            raise AssertionError("an uncovered band must refuse the holdout read")
        except SystemExit as exc:
            msg = str(exc)
            assert "S6-B2886" in msg, msg
>           assert "UNTESTED" in msg, msg
E           AssertionError: REFUSED (S6-B2886): REFUSED (S6-B3139a): 1 artifact(s) of no known kind - ['b2638_pead_step1_is_surface.json']; the gate reads coverage only from a declared kind (['axis_grid', 'companion_screen', 'free_levels', 'grid_auto', 'permutation_null']) and never guesses at an unfamiliar shape. A holdout read spends a one-way door, and a strategy with no band inventory has no way to show the door is being spent on the whole question. Write the Table A entry first.
E           assert 'UNTESTED' in "REFUSED (S6-B2886): REFUSED (S6-B3139a): 1 artifact(s) of no known kind - ['b2638_pead_step1_is_surface.json']; the g...ith no band inventory has no way to show the door is being spent on the whole question. Write the Table A entry first."

backtest\tests\test_unit.py:40702: AssertionError
=========================== short test summary info ===========================
FAILED backtest/tests/test_unit.py::test_b1719_synthetic_probes_are_labelled
FAILED backtest/tests/test_unit.py::test_b2886_holdout_read_refuses_an_uncovered_band
2 failed, 1657 passed, 3 skipped in 956.25s (0:15:56)

pytest_exit=1
tree=SAME
exit=1
elapsed_s=989
chain_inflight=none
chain_inflight_start=none
chain_inflight_end=none
engine_inflight=none
engine_inflight_start=none
engine_inflight_end=none
engine_dead_within_window=none
beside_wave_override=none
output_audit_created=none
output_audit_modified_tracked=none
output_audit_modified_untracked=none
readset=CLEAN
readset_rerun=none
readset_suite_writes=2: output_audit/postconfig_ledger.json<-test_b2116_run_wave_resume_loop_both_ways; output_audit/postconfig_report.md<-test_b2116_run_wave_resume_loop_both_ways
stamp_binding=already-red
