........................................................................ [  4%]
........................................................................ [  8%]
........................................................................ [ 13%]
........................................................................ [ 17%]
........................................................................ [ 21%]
........................................................................ [ 26%]
........................................................................ [ 30%]
........................................................................ [ 35%]
..............................................s......................... [ 39%]
....................s.................................................s. [ 43%]
........................................................................ [ 48%]
........................................................................ [ 52%]
........................................................................ [ 57%]
........................................................................ [ 61%]
........................................................................ [ 65%]
........................................................................ [ 70%]
........................................................................ [ 74%]
........................................................................ [ 79%]
........................................................................ [ 83%]
........................................................................ [ 87%]
........................................................................ [ 92%]
........................................................................ [ 96%]
.....................................................                    [100%]
1634 passed, 3 skipped in 1004.21s (0:16:44)

pytest_exit=0
tree=SAME
exit=0
elapsed_s=1036
chain_inflight=none
chain_inflight_start=none
chain_inflight_end=none
engine_inflight=none
engine_inflight_start=none
engine_inflight_end=none
engine_dead_within_window=none
beside_wave_override=none
output_audit_created=none
output_audit_modified_tracked=none
output_audit_modified_untracked=none
readset=CLEAN
readset_rerun=none
readset_suite_writes=2: output_audit/postconfig_ledger.json<-test_b2116_run_wave_resume_loop_both_ways; output_audit/postconfig_report.md<-test_b2116_run_wave_resume_loop_both_ways
stamp_binding=kept-green
