........................................................................ [  4%]
........................................................................ [  8%]
........................................................................ [ 12%]
........................................................................ [ 16%]
........................................................................ [ 20%]
........................................................................ [ 25%]
........................................................................ [ 29%]
........................................................................ [ 33%]
..............................................s......................... [ 37%]
....................s.................................................s. [ 41%]
........................................................................ [ 45%]
........................................................................ [ 50%]
........................................................................ [ 54%]
........................................................................ [ 58%]
........................................................................ [ 62%]
........................................................................ [ 66%]
........................................................................ [ 71%]
........................................................................ [ 75%]
........................................................................ [ 79%]
........................................................................ [ 83%]
........................................................................ [ 87%]
........................................................................ [ 91%]
........................................................................ [ 96%]
...................................................................      [100%]
1720 passed, 3 skipped in 694.00s (0:11:34)

pytest_exit=0
tree=SAME
exit=0
elapsed_s=706
chain_inflight=pairs_mrl_s1_p6_40_p5_0p05
chain_inflight_start=pairs_mrl_s1_p6_40_p5_0p05
chain_inflight_end=pairs_mrl_s1_p6_40_p5_0p05
engine_inflight=none
engine_inflight_start=none
engine_inflight_end=none
engine_dead_within_window=none
beside_wave_override=none
output_audit_created=none
output_audit_modified_tracked=none
output_audit_modified_untracked=none
readset=CLEAN
readset_rerun=none
readset_suite_writes=2: output_audit/postconfig_ledger.json<-test_b2116_run_wave_resume_loop_both_ways; output_audit/postconfig_report.md<-test_b2116_run_wave_resume_loop_both_ways
stamp_binding=kept-green
