........................................................................ [  4%]
........................................................................ [  8%]
........................................................................ [ 13%]
........................................................................ [ 17%]
........................................................................ [ 22%]
........................................................................ [ 26%]
........................................................................ [ 31%]
........................................................................ [ 35%]
..............................................s......................... [ 40%]
....................s.................................................s. [ 44%]
........................................................................ [ 49%]
........................................................................ [ 53%]
........................................................................ [ 58%]
........................................................................ [ 62%]
........................................................................ [ 66%]
........................................................................ [ 71%]
........................................................................ [ 75%]
........................................................................ [ 80%]
........................................................................ [ 84%]
........................................................................ [ 89%]
........................................................................ [ 93%]
........................................................................ [ 98%]
.............................                                            [100%]
1610 passed, 3 skipped in 1222.18s (0:20:22)

pytest_exit=0
tree=SAME
exit=0
elapsed_s=1395
chain_inflight=none
chain_inflight_start=none
chain_inflight_end=none
engine_inflight=none
engine_inflight_start=none
engine_inflight_end=none
engine_dead_within_window=none
beside_wave_override=none
output_audit_created=none
output_audit_modified_tracked=none
output_audit_modified_untracked=output_audit/workflow_state.json
readset=RERUN-PASS:66-tests
readset_rerun=66 tests rc=0 log=b3139_pyramid_batch2d.out.rerun.txt
readset_suite_writes=2: output_audit/postconfig_ledger.json<-test_b2116_run_wave_resume_loop_both_ways; output_audit/postconfig_report.md<-test_b2116_run_wave_resume_loop_both_ways
stamp_binding=kept-green
